[debug] [2023-05-29T09:10:01.799Z] ----------------------------------------------------------------------
[debug] [2023-05-29T09:10:01.800Z] Command:       C:\Program Files\nodejs\node.exe C:\Users\Panth.DESKTOP-MBLTUFJ\AppData\Roaming\npm\node_modules\firebase-tools\lib\bin\firebase.js init hosting
[debug] [2023-05-29T09:10:01.801Z] CLI Version:   12.2.1
[debug] [2023-05-29T09:10:01.801Z] Platform:      win32
[debug] [2023-05-29T09:10:01.801Z] Node Version:  v18.16.0
[debug] [2023-05-29T09:10:01.802Z] Time:          Mon May 29 2023 10:10:01 GMT+0100 (British Summer Time)
[debug] [2023-05-29T09:10:01.802Z] ----------------------------------------------------------------------
[debug] 
[debug] [2023-05-29T09:10:01.861Z] > command requires scopes: ["email","openid","https://www.googleapis.com/auth/cloudplatformprojects.readonly","https://www.googleapis.com/auth/firebase","https://www.googleapis.com/auth/cloud-platform"]
[debug] [2023-05-29T09:10:01.862Z] > authorizing via signed-in user (panthhp1669@gmail.com)
[info] 
     ######## #### ########  ######## ########     ###     ######  ########
     ##        ##  ##     ## ##       ##     ##  ##   ##  ##       ##
     ######    ##  ########  ######   ########  #########  ######  ######
     ##        ##  ##    ##  ##       ##     ## ##     ##       ## ##
     ##       #### ##     ## ######## ########  ##     ##  ######  ########

You're about to initialize a Firebase project in this directory:

  P:\MyCode\Web\20785c-web

Before we get started, keep in mind:

  * You are initializing within an existing Firebase project directory

